{
  "name": "test",
  "tables": [
    {
      "name": "user",
      "columns": [
        {
          "name": "user_id",
          "type": "int",
          "attributes": [
            {
              "type": 12,
              "Value": "MAGIC"
            }
          ]
        },
        {
          "name": "username",
          "type": "string",
          "attributes": [
            {
              "type": 11,
              "Value": "MAGIC"
            }
          ]
        },
        {
          "name": "gender",
          "type": "bool"
        }
      ]
    }
  ]
}