{
  "owner": "",
  "name": "test",
  "tables": [
    {
      "name": "user",
      "columns": [
        {
          "name": "username",
          "type": 100
        },
        {
          "name": "age",
          "type": 100
        },
        {
          "name": "email",
          "type": 100
        }
      ],
      "indexes": []
    }
  ],
  "actions": null
}