{
  "owner": "",
  "name": "test",
  "tables": [
    {
      "name": "user",
      "columns": [
        {
          "name": "username",
          "type": 102,
          "attributes": [
            {
              "type": 100,
              "value": null
            }
          ]
        },
        {
          "name": "age",
          "type": 103,
          "attributes": [
            {
              "type": 100,
              "value": "MTg="
            },
            {
              "type": 100,
              "value": "MzA="
            }
          ]
        },
        {
          "name": "email",
          "type": 102,
          "attributes": [
            {
              "type": 100,
              "value": "NTA="
            },
            {
              "type": 100,
              "value": "MTA="
            }
          ]
        }
      ],
      "indexes": []
    }
  ],
  "actions": null
}