{
  "owner": "",
  "name": "test",
  "tables": [
    {
      "name": "user",
      "columns": [
        {
          "name": "username",
          "type": "text",
          "attributes": [
            {
              "type": "not_null"
            }
          ]
        },
        {
          "name": "age",
          "type": "int",
          "attributes": [
            {
              "type": "min",
              "value": "18"
            },
            {
              "type": "max",
              "value": "30"
            }
          ]
        },
        {
          "name": "email",
          "type": "text",
          "attributes": [
            {
              "type": "max_length",
              "value": "50"
            },
            {
              "type": "min_length",
              "value": "10"
            }
          ]
        }
      ]
    }
  ]
}