{
  "owner": "",
  "name": "test",
  "tables": [
    {
      "name": "user",
      "columns": [
        {
          "name": "username",
          "type": "text"
        },
        {
          "name": "age",
          "type": "int"
        },
        {
          "name": "email",
          "type": "text"
        }
      ]
    }
  ]
}