{
  "owner": "",
  "name": "demo",
  "tables": [
    {
      "name": "user",
      "columns": [
        {
          "name": "name",
          "type": "text"
        },
        {
          "name": "age",
          "type": "int"
        },
        {
          "name": "email",
          "type": "text"
        }
      ],
      "indexes": [
        {
          "name": "uname",
          "columns": [
            "name",
            "email"
          ],
          "type": "unique_btree"
        },
        {
          "name": "im",
          "columns": [
            "email"
          ],
          "type": "btree"
        },
        {
          "name": "pm",
          "columns": [
            "name"
          ],
          "type": "primary"
        }
      ]
    }
  ]
}